// Jest Snapshot v1, https://goo.gl/fbAQLP

exports[`App example snapshot test on - ios 1`] = `
<View
  style={
    Object {
      "alignItems": "center",
      "backgroundColor": "#fff",
      "flex": 1,
      "justifyContent": "center",
    }
  }
>
  <Image
    source="logo.png"
    style={
      Object {
        "height": 300,
        "transform": Array [
          Object {
            "rotate": "0deg",
          },
        ],
        "width": 300,
      }
    }
  />
  <Text
    accessible={true}
    allowFontScaling={true}
    ellipsizeMode="tail"
    style={
      Object {
        "fontSize": 16,
        "fontWeight": "bold",
      }
    }
  >
    Create React Native Web App
  </Text>
  <Text
    accessible={true}
    allowFontScaling={true}
    ellipsizeMode="tail"
  >
    Open up src/App.js to start working on your app!
  </Text>
  <Text
    accessible={true}
    allowFontScaling={true}
    ellipsizeMode="tail"
  >
    Changes you make will automatically reload.
  </Text>
  <Text
    accessible={true}
    allowFontScaling={true}
    ellipsizeMode="tail"
  >
    Shake your phone to open the developer menu.
  </Text>
  <View
    accessible={true}
    isTVSelectable={true}
    onResponderGrant={[Function]}
    onResponderMove={[Function]}
    onResponderRelease={[Function]}
    onResponderTerminate={[Function]}
    onResponderTerminationRequest={[Function]}
    onStartShouldSetResponder={[Function]}
    style={
      Object {
        "backgroundColor": "#1B95E0",
        "borderRadius": 3,
        "marginTop": 10,
        "marginVertical": 10,
        "padding": 20,
      }
    }
  >
    <Text
      accessible={true}
      allowFontScaling={true}
      ellipsizeMode="tail"
      style={
        Object {
          "color": "#fff",
          "fontSize": 16,
          "fontWeight": "bold",
        }
      }
    >
      Rotate Logo
    </Text>
  </View>
</View>
`;
